// Jest Snapshot v1, https://goo.gl/fbAQLP

exports[`Card List Component expect to render CardList component 1`] = `
<div>
  <Card
    email="jhon@gamil.com"
    id={1}
    key="0"
    name="Jhon Snow"
  />
</div>
`;
