// Jest Snapshot v1, https://goo.gl/fbAQLP

exports[`Counter Button Component expect to render CounterButton component 1`] = `
<button
  color="red"
  id="counter"
  onClick={[Function]}
>
  Count: 
  1
</button>
`;
