// Jest Snapshot v1, https://goo.gl/fbAQLP

exports[`Error Boundary Component expect to render ErrorBoundary component 1`] = `""`;
